....                                                                     [100%]
==================================== PASSES ====================================
__________________________ test_chroma_contract_crud ___________________________
---------------------------- Captured stdout setup -----------------------------
[live-runtime] embedding_base_url=https://llm2.cloud-dog.net
[live-runtime] chroma_url=https://chroma.cloud-dog.net
[live-runtime] qdrant_url=https://qdrant.cloud-dog.net
[live-runtime] opensearch_url=http://opensearch0.app.vpc0.cloud-dog.net:1201
[live-runtime] pgvector_database_uri=[configured]
[live-runtime] weaviate_url=https://weaviate.cloud-dog.net
[live-runtime] infinity_url=http://infinity0.app.vpc0.cloud-dog.net:8080
[live-runtime] provider=chroma health=True
[live-runtime] provider=chroma write_probe=True detail=ok
[live-runtime] provider=qdrant health=True
[live-runtime] provider=qdrant write_probe=True detail=ok
=========================== short test summary info ============================
PASSED tests/contract/CT1_1/test_ct1_1_chroma_contract.py::test_chroma_contract_crud
PASSED tests/contract/CT1_2/test_ct1_2_qdrant_contract.py::test_qdrant_contract_crud
PASSED tests/contract/CT1_3/test_ct1_3_backend_parity.py::test_backend_contract_parity
PASSED tests/contract/CT1_4/test_ct1_4_infinity_contract.py::test_infinity_contract_crud
4 passed in 13.28s
