
Running 1 test using 1 worker

  ✘  1 [index-retriever] › tests/w28a-350-webui-conformance/webui-conformance.spec.ts:804:5 › W28A-350 WebUI conformance matrix (1.2m)


  1) [index-retriever] › tests/w28a-350-webui-conformance/webui-conformance.spec.ts:804:5 › W28A-350 WebUI conformance matrix 

    Error: Index-Retriever W28A-350 failures:
    jobs: [2mexpect([22m[31mlocator[39m[2m).[22mtoBeVisible[2m([22m[2m)[22m failed

    Locator:  getByText(/job id|payload|result|status|attempt|correlation/i).first()
    Expected: visible
    Received: hidden
    Timeout:  15000ms

    Call log:
    [2m  - Expect "toBeVisible" with timeout 15000ms[22m
    [2m  - waiting for getByText(/job id|payload|result|status|attempt|correlation/i).first()[22m
    [2m    19 × locator resolved to <option value="">All statuses</option>[22m
    [2m       - unexpected value "hidden"[22m


    [2mexpect([22m[31mreceived[39m[2m).[22mtoHaveLength[2m([22m[32mexpected[39m[2m)[22m

    Expected length: [32m0[39m
    Received length: [31m1[39m
    Received array:  [31m[{"details": ["[2mexpect([22m[31mlocator[39m[31m[2m).[22mtoBeVisible[2m([22m[2m)[22m failed·[39m
    [31mLocator:  getByText(/job id|payload|result|status|attempt|correlation/i).first()[39m
    [31mExpected: visible[39m
    [31mReceived: hidden[39m
    [31mTimeout:  15000ms·[39m
    [31mCall log:[39m
    [31m[2m  - Expect \"toBeVisible\" with timeout 15000ms[22m[39m
    [31m[2m  - waiting for getByText(/job id|payload|result|status|attempt|correlation/i).first()[22m[39m
    [31m[2m    19 × locator resolved to <option value=\"\">All statuses</option>[22m[39m
    [31m[2m       - unexpected value \"hidden\"[22m[39m
    [31m"], "id": "jobs", "label": "Jobs PS-76 columns/status/actions/pagination/detail", "screenshot": "/opt/iac/Development/cloud-dog-ai/cloud-dog-ai-platform-standards/working/evidence/w28a-350-webui-conformance/screenshots/index-retriever/jobs.png", "status": "FAIL"}][39m

      882 |       .map((check) => `${check.id}: ${check.details.join("; ")}`)
      883 |       .join("\n")}`,
    > 884 |   ).toHaveLength(0);
          |     ^
      885 | });
      886 |
        at /opt/iac/Development/cloud-dog-ai/cloud-dog-ai-ui-monorepo/tests/w28a-350-webui-conformance/webui-conformance.spec.ts:884:5

    attachment #1: index-retriever-w28a350-result (application/json) ───────────────────────────────
    ../cloud-dog-ai-platform-standards/working/evidence/w28a-350-webui-conformance/test-results/webui-conformance-W28A-350-WebUI-conformance-matrix-index-retriever/attachments/index-retriever-w28a350-result-a8bb93a1274da9ed637c599281613d4386510161.json
    ────────────────────────────────────────────────────────────────────────────────────────────────

    attachment #2: index-retriever-post-login-trace (application/zip) ──────────────────────────────
    ../cloud-dog-ai-platform-standards/working/evidence/w28a-350-webui-conformance/test-results/webui-conformance-W28A-350-WebUI-conformance-matrix-index-retriever/attachments/index-retriever-post-login-trace-9200d36572ea311216df3f4933fe163ef7036a9b.zip
    ────────────────────────────────────────────────────────────────────────────────────────────────

    attachment #3: screenshot (image/png) ──────────────────────────────────────────────────────────
    ../cloud-dog-ai-platform-standards/working/evidence/w28a-350-webui-conformance/test-results/webui-conformance-W28A-350-WebUI-conformance-matrix-index-retriever/test-failed-1.png
    ────────────────────────────────────────────────────────────────────────────────────────────────

    attachment #4: video (video/webm) ──────────────────────────────────────────────────────────────
    ../cloud-dog-ai-platform-standards/working/evidence/w28a-350-webui-conformance/test-results/webui-conformance-W28A-350-WebUI-conformance-matrix-index-retriever/video.webm
    ────────────────────────────────────────────────────────────────────────────────────────────────

    Error Context: ../cloud-dog-ai-platform-standards/working/evidence/w28a-350-webui-conformance/test-results/webui-conformance-W28A-350-WebUI-conformance-matrix-index-retriever/error-context.md

  1 failed
    [index-retriever] › tests/w28a-350-webui-conformance/webui-conformance.spec.ts:804:5 › W28A-350 WebUI conformance matrix 
