# W28E-604 raw test log
# cwd: /opt/iac/Development/cloud-dog-ai/working/w28e604-ir-wt
# cmd: .venv/bin/python -m pytest tests/unit/UT1_70_Spreadsheet --env tests/env-UT -v -p no:cacheprovider
# date(UTC): 2026-06-04T11:52:38Z
# ----------------------------------------------------------------
============================= test session starts ==============================
platform linux -- Python 3.12.13, pytest-8.4.2, pluggy-1.6.0 -- /opt/iac/Development/cloud-dog-ai/working/w28e604-ir-wt/.venv/bin/python
rootdir: /opt/iac/Development/cloud-dog-ai/working/w28e604-ir-wt
configfile: pyproject.toml
plugins: asyncio-0.26.0, anyio-4.13.0, timeout-2.4.0, cov-5.0.0
asyncio: mode=Mode.AUTO, asyncio_default_fixture_loop_scope=None, asyncio_default_test_loop_scope=function
collecting ... collected 11 items

tests/unit/UT1_70_Spreadsheet/test_ut1_70_spreadsheet_indexing.py::test_is_spreadsheet_routing PASSED [  9%]
tests/unit/UT1_70_Spreadsheet/test_ut1_70_spreadsheet_indexing.py::test_build_spreadsheet_config_overrides PASSED [ 18%]
tests/unit/UT1_70_Spreadsheet/test_ut1_70_spreadsheet_indexing.py::test_migration_creates_control_plane_tables PASSED [ 27%]
tests/unit/UT1_70_Spreadsheet/test_ut1_70_spreadsheet_indexing.py::test_indexer_persists_control_plane_and_upserts PASSED [ 36%]
tests/unit/UT1_70_Spreadsheet/test_ut1_70_spreadsheet_indexing.py::test_reindex_same_content_deletes_nothing PASSED [ 45%]
tests/unit/UT1_70_Spreadsheet/test_ut1_70_spreadsheet_indexing.py::test_reindex_changed_content_deletes_stale PASSED [ 54%]
tests/unit/UT1_70_Spreadsheet/test_ut1_70_spreadsheet_indexing.py::test_parse_failure_records_error_and_no_upsert PASSED [ 63%]
tests/unit/UT1_70_Spreadsheet/test_ut1_70_spreadsheet_indexing.py::test_stateless_indexer_upserts_without_db PASSED [ 72%]
tests/unit/UT1_70_Spreadsheet/test_ut1_70_spreadsheet_indexing.py::test_refresh_mode_manifest_only_skips_backend PASSED [ 81%]
tests/unit/UT1_70_Spreadsheet/test_ut1_70_spreadsheet_indexing.py::test_refresh_mode_full_reupserts_all PASSED [ 90%]
tests/unit/UT1_70_Spreadsheet/test_ut1_70_spreadsheet_indexing.py::test_ingest_upload_routes_spreadsheet_to_structural_index PASSED [100%]

============================== 11 passed in 5.84s ==============================
