# W28E-604 raw test log
# cwd: /opt/iac/Development/cloud-dog-ai/working/w28e604-vdb-wt/packages/backend/platform-vdb
# cmd: .venv/bin/python -m pytest tests/unit/UT4.9_SpreadsheetPhase3 --env tests/env-UT -v -p no:cacheprovider
# date(UTC): 2026-06-04T11:51:15Z
# ----------------------------------------------------------------
============================= test session starts ==============================
platform linux -- Python 3.10.12, pytest-9.0.3, pluggy-1.6.0 -- /opt/iac/Development/cloud-dog-ai/working/w28e604-vdb-wt/packages/backend/platform-vdb/.venv/bin/python
rootdir: /opt/iac/Development/cloud-dog-ai/working/w28e604-vdb-wt/packages/backend/platform-vdb
configfile: pyproject.toml
plugins: respx-0.23.1, anyio-4.13.0, asyncio-1.4.0, cov-7.1.0
asyncio: mode=auto, debug=False, asyncio_default_fixture_loop_scope=None, asyncio_default_test_loop_scope=function
collecting ... collected 20 items

tests/unit/UT4.9_SpreadsheetPhase3/test_ss_i18n.py::test_detect_language_by_script PASSED [  5%]
tests/unit/UT4.9_SpreadsheetPhase3/test_ss_i18n.py::test_dominant_language PASSED [ 10%]
tests/unit/UT4.9_SpreadsheetPhase3/test_ss_i18n.py::test_translated_aliases_with_translator PASSED [ 15%]
tests/unit/UT4.9_SpreadsheetPhase3/test_ss_i18n.py::test_translator_failure_is_skipped PASSED [ 20%]
tests/unit/UT4.9_SpreadsheetPhase3/test_ss_i18n.py::test_workbook_language_recorded_on_records PASSED [ 25%]
tests/unit/UT4.9_SpreadsheetPhase3/test_ss_i18n.py::test_language_detection_can_be_disabled PASSED [ 30%]
tests/unit/UT4.9_SpreadsheetPhase3/test_ss_retrieval.py::test_conceptual_view_request PASSED [ 35%]
tests/unit/UT4.9_SpreadsheetPhase3/test_ss_retrieval.py::test_schema_view_with_table_filter PASSED [ 40%]
tests/unit/UT4.9_SpreadsheetPhase3/test_ss_retrieval.py::test_query_language_detection_sets_hint PASSED [ 45%]
tests/unit/UT4.9_SpreadsheetPhase3/test_ss_retrieval.py::test_detect_query_language PASSED [ 50%]
tests/unit/UT4.9_SpreadsheetPhase3/test_ss_retrieval.py::test_unknown_view_raises PASSED [ 55%]
tests/unit/UT4.9_SpreadsheetPhase3/test_ss_row_policy.py::test_row_policy_none_emits_no_row_records PASSED [ 60%]
tests/unit/UT4.9_SpreadsheetPhase3/test_ss_row_policy.py::test_row_policy_sampled_caps_records PASSED [ 65%]
tests/unit/UT4.9_SpreadsheetPhase3/test_ss_row_policy.py::test_row_policy_key_only_keeps_only_key_column PASSED [ 70%]
tests/unit/UT4.9_SpreadsheetPhase3/test_ss_row_policy.py::test_row_policy_all_is_default PASSED [ 75%]
tests/unit/UT4.9_SpreadsheetPhase3/test_ss_sensitivity.py::test_default_policy_is_inactive PASSED [ 80%]
tests/unit/UT4.9_SpreadsheetPhase3/test_ss_sensitivity.py::test_excluded_sheet_is_skipped PASSED [ 85%]
tests/unit/UT4.9_SpreadsheetPhase3/test_ss_sensitivity.py::test_excluded_column_withheld_and_redacted PASSED [ 90%]
tests/unit/UT4.9_SpreadsheetPhase3/test_ss_sensitivity.py::test_value_redaction_for_emails PASSED [ 95%]
tests/unit/UT4.9_SpreadsheetPhase3/test_ss_sensitivity.py::test_custom_sensitivity_pattern PASSED [100%]

============================== 20 passed in 1.18s ==============================
