# W28E-604 raw test log
# cwd: /opt/iac/Development/cloud-dog-ai/working/w28e604-vdb-wt/packages/backend/platform-vdb
# cmd: .venv/bin/python -m pytest tests/unit/UT4.1_SpreadsheetCoords --env tests/env-UT -v -p no:cacheprovider
# date(UTC): 2026-06-04T11:51:26Z
# ----------------------------------------------------------------
============================= test session starts ==============================
platform linux -- Python 3.10.12, pytest-9.0.3, pluggy-1.6.0 -- /opt/iac/Development/cloud-dog-ai/working/w28e604-vdb-wt/packages/backend/platform-vdb/.venv/bin/python
rootdir: /opt/iac/Development/cloud-dog-ai/working/w28e604-vdb-wt/packages/backend/platform-vdb
configfile: pyproject.toml
plugins: respx-0.23.1, anyio-4.13.0, asyncio-1.4.0, cov-7.1.0
asyncio: mode=auto, debug=False, asyncio_default_fixture_loop_scope=None, asyncio_default_test_loop_scope=function
collecting ... collected 11 items

tests/unit/UT4.1_SpreadsheetCoords/test_ss_coords.py::test_column_letter_roundtrip[0-A] PASSED [  9%]
tests/unit/UT4.1_SpreadsheetCoords/test_ss_coords.py::test_column_letter_roundtrip[25-Z] PASSED [ 18%]
tests/unit/UT4.1_SpreadsheetCoords/test_ss_coords.py::test_column_letter_roundtrip[26-AA] PASSED [ 27%]
tests/unit/UT4.1_SpreadsheetCoords/test_ss_coords.py::test_column_letter_roundtrip[27-AB] PASSED [ 36%]
tests/unit/UT4.1_SpreadsheetCoords/test_ss_coords.py::test_column_letter_roundtrip[51-AZ] PASSED [ 45%]
tests/unit/UT4.1_SpreadsheetCoords/test_ss_coords.py::test_column_letter_roundtrip[701-ZZ] PASSED [ 54%]
tests/unit/UT4.1_SpreadsheetCoords/test_ss_coords.py::test_column_letter_roundtrip[702-AAA] PASSED [ 63%]
tests/unit/UT4.1_SpreadsheetCoords/test_ss_coords.py::test_cell_and_range_refs PASSED [ 72%]
tests/unit/UT4.1_SpreadsheetCoords/test_ss_coords.py::test_parse_cell_ref_handles_absolute PASSED [ 81%]
tests/unit/UT4.1_SpreadsheetCoords/test_ss_coords.py::test_parse_range_ref_single_and_normalised PASSED [ 90%]
tests/unit/UT4.1_SpreadsheetCoords/test_ss_coords.py::test_invalid_refs_raise PASSED [100%]

============================== 11 passed in 0.30s ==============================
