# W28E-604 raw test log
# cwd: /opt/iac/Development/cloud-dog-ai/working/w28e604-vdb-wt/packages/backend/platform-vdb
# cmd: .venv/bin/python -m pytest tests/unit/UT4.5_SpreadsheetPipeline --env tests/env-UT -v -p no:cacheprovider
# date(UTC): 2026-06-04T11:51:22Z
# ----------------------------------------------------------------
============================= test session starts ==============================
platform linux -- Python 3.10.12, pytest-9.0.3, pluggy-1.6.0 -- /opt/iac/Development/cloud-dog-ai/working/w28e604-vdb-wt/packages/backend/platform-vdb/.venv/bin/python
rootdir: /opt/iac/Development/cloud-dog-ai/working/w28e604-vdb-wt/packages/backend/platform-vdb
configfile: pyproject.toml
plugins: respx-0.23.1, anyio-4.13.0, asyncio-1.4.0, cov-7.1.0
asyncio: mode=auto, debug=False, asyncio_default_fixture_loop_scope=None, asyncio_default_test_loop_scope=function
collecting ... collected 14 items

tests/unit/UT4.5_SpreadsheetPipeline/test_ss_pipeline.py::test_simple_object_counts_and_types PASSED [  7%]
tests/unit/UT4.5_SpreadsheetPipeline/test_ss_pipeline.py::test_stable_ids_hashes_and_text_are_deterministic PASSED [ 14%]
tests/unit/UT4.5_SpreadsheetPipeline/test_ss_pipeline.py::test_provenance_fields_present PASSED [ 21%]
tests/unit/UT4.5_SpreadsheetPipeline/test_ss_pipeline.py::test_inferred_tables_detected_without_formal_tables PASSED [ 28%]
tests/unit/UT4.5_SpreadsheetPipeline/test_ss_pipeline.py::test_report_grid_classification PASSED [ 35%]
tests/unit/UT4.5_SpreadsheetPipeline/test_ss_pipeline.py::test_hidden_sheet_inclusion_toggle PASSED [ 42%]
tests/unit/UT4.5_SpreadsheetPipeline/test_ss_pipeline.py::test_large_table_row_batching PASSED [ 50%]
tests/unit/UT4.5_SpreadsheetPipeline/test_ss_pipeline.py::test_small_table_row_level_indexing PASSED [ 57%]
tests/unit/UT4.5_SpreadsheetPipeline/test_ss_pipeline.py::test_multilingual_text_preserved PASSED [ 64%]
tests/unit/UT4.5_SpreadsheetPipeline/test_ss_pipeline.py::test_malformed_workbook_degrades_gracefully PASSED [ 71%]
tests/unit/UT4.5_SpreadsheetPipeline/test_ss_pipeline.py::test_unsupported_format_raises PASSED [ 78%]
tests/unit/UT4.5_SpreadsheetPipeline/test_ss_pipeline.py::test_workbook_too_large_raises PASSED [ 85%]
tests/unit/UT4.5_SpreadsheetPipeline/test_ss_pipeline.py::test_duplicate_and_blank_headers_normalised PASSED [ 92%]
tests/unit/UT4.5_SpreadsheetPipeline/test_ss_pipeline.py::test_ods_pipeline_end_to_end PASSED [100%]

============================== 14 passed in 0.98s ==============================
