# W28E-604 raw test log
# cwd: /opt/iac/Development/cloud-dog-ai/working/w28e604-vdb-wt/packages/backend/platform-vdb
# cmd: .venv/bin/python -m pytest tests/unit/UT4.4_SpreadsheetParse --env tests/env-UT -v -p no:cacheprovider
# date(UTC): 2026-06-04T11:51:32Z
# ----------------------------------------------------------------
============================= test session starts ==============================
platform linux -- Python 3.10.12, pytest-9.0.3, pluggy-1.6.0 -- /opt/iac/Development/cloud-dog-ai/working/w28e604-vdb-wt/packages/backend/platform-vdb/.venv/bin/python
rootdir: /opt/iac/Development/cloud-dog-ai/working/w28e604-vdb-wt/packages/backend/platform-vdb
configfile: pyproject.toml
plugins: respx-0.23.1, anyio-4.13.0, asyncio-1.4.0, cov-7.1.0
asyncio: mode=auto, debug=False, asyncio_default_fixture_loop_scope=None, asyncio_default_test_loop_scope=function
collecting ... collected 7 items

tests/unit/UT4.4_SpreadsheetParse/test_ss_parse_ods.py::test_parse_ods_grid_and_types PASSED [ 14%]
tests/unit/UT4.4_SpreadsheetParse/test_ss_parse_ods.py::test_parse_ods_named_range PASSED [ 28%]
tests/unit/UT4.4_SpreadsheetParse/test_ss_parse_xlsx.py::test_parse_simple_formal_table PASSED [ 42%]
tests/unit/UT4.4_SpreadsheetParse/test_ss_parse_xlsx.py::test_parse_hidden_sheet_visibility PASSED [ 57%]
tests/unit/UT4.4_SpreadsheetParse/test_ss_parse_xlsx.py::test_parse_named_range_and_formula PASSED [ 71%]
tests/unit/UT4.4_SpreadsheetParse/test_ss_parse_xlsx.py::test_macro_detection_does_not_execute PASSED [ 85%]
tests/unit/UT4.4_SpreadsheetParse/test_ss_parse_xlsx.py::test_scan_cap_marks_partial PASSED [100%]

============================== 7 passed in 0.77s ===============================
