# W28E-604 raw test log
# cwd: /opt/iac/Development/cloud-dog-ai/working/w28e604-vdb-wt/packages/backend/platform-vdb
# cmd: .venv/bin/python -m pytest tests/unit/UT4.10_SpreadsheetBackendMatrix --env tests/env-UT -v -p no:cacheprovider
# date(UTC): 2026-06-04T11:51:27Z
# ----------------------------------------------------------------
============================= test session starts ==============================
platform linux -- Python 3.10.12, pytest-9.0.3, pluggy-1.6.0 -- /opt/iac/Development/cloud-dog-ai/working/w28e604-vdb-wt/packages/backend/platform-vdb/.venv/bin/python
rootdir: /opt/iac/Development/cloud-dog-ai/working/w28e604-vdb-wt/packages/backend/platform-vdb
configfile: pyproject.toml
plugins: respx-0.23.1, anyio-4.13.0, asyncio-1.4.0, cov-7.1.0
asyncio: mode=auto, debug=False, asyncio_default_fixture_loop_scope=None, asyncio_default_test_loop_scope=function
collecting ... collected 45 items

tests/unit/UT4.10_SpreadsheetBackendMatrix/test_ss_backend_matrix.py::test_workbook_roundtrips_through_backend[simple-chroma] PASSED [  2%]
tests/unit/UT4.10_SpreadsheetBackendMatrix/test_ss_backend_matrix.py::test_workbook_roundtrips_through_backend[simple-qdrant] PASSED [  4%]
tests/unit/UT4.10_SpreadsheetBackendMatrix/test_ss_backend_matrix.py::test_workbook_roundtrips_through_backend[simple-weaviate] PASSED [  6%]
tests/unit/UT4.10_SpreadsheetBackendMatrix/test_ss_backend_matrix.py::test_workbook_roundtrips_through_backend[simple-opensearch] PASSED [  8%]
tests/unit/UT4.10_SpreadsheetBackendMatrix/test_ss_backend_matrix.py::test_workbook_roundtrips_through_backend[simple-pgvector] PASSED [ 11%]
tests/unit/UT4.10_SpreadsheetBackendMatrix/test_ss_backend_matrix.py::test_workbook_roundtrips_through_backend[multisheet-chroma] PASSED [ 13%]
tests/unit/UT4.10_SpreadsheetBackendMatrix/test_ss_backend_matrix.py::test_workbook_roundtrips_through_backend[multisheet-qdrant] PASSED [ 15%]
tests/unit/UT4.10_SpreadsheetBackendMatrix/test_ss_backend_matrix.py::test_workbook_roundtrips_through_backend[multisheet-weaviate] PASSED [ 17%]
tests/unit/UT4.10_SpreadsheetBackendMatrix/test_ss_backend_matrix.py::test_workbook_roundtrips_through_backend[multisheet-opensearch] PASSED [ 20%]
tests/unit/UT4.10_SpreadsheetBackendMatrix/test_ss_backend_matrix.py::test_workbook_roundtrips_through_backend[multisheet-pgvector] PASSED [ 22%]
tests/unit/UT4.10_SpreadsheetBackendMatrix/test_ss_backend_matrix.py::test_workbook_roundtrips_through_backend[inferred-chroma] PASSED [ 24%]
tests/unit/UT4.10_SpreadsheetBackendMatrix/test_ss_backend_matrix.py::test_workbook_roundtrips_through_backend[inferred-qdrant] PASSED [ 26%]
tests/unit/UT4.10_SpreadsheetBackendMatrix/test_ss_backend_matrix.py::test_workbook_roundtrips_through_backend[inferred-weaviate] PASSED [ 28%]
tests/unit/UT4.10_SpreadsheetBackendMatrix/test_ss_backend_matrix.py::test_workbook_roundtrips_through_backend[inferred-opensearch] PASSED [ 31%]
tests/unit/UT4.10_SpreadsheetBackendMatrix/test_ss_backend_matrix.py::test_workbook_roundtrips_through_backend[inferred-pgvector] PASSED [ 33%]
tests/unit/UT4.10_SpreadsheetBackendMatrix/test_ss_backend_matrix.py::test_workbook_roundtrips_through_backend[formula_named-chroma] PASSED [ 35%]
tests/unit/UT4.10_SpreadsheetBackendMatrix/test_ss_backend_matrix.py::test_workbook_roundtrips_through_backend[formula_named-qdrant] PASSED [ 37%]
tests/unit/UT4.10_SpreadsheetBackendMatrix/test_ss_backend_matrix.py::test_workbook_roundtrips_through_backend[formula_named-weaviate] PASSED [ 40%]
tests/unit/UT4.10_SpreadsheetBackendMatrix/test_ss_backend_matrix.py::test_workbook_roundtrips_through_backend[formula_named-opensearch] PASSED [ 42%]
tests/unit/UT4.10_SpreadsheetBackendMatrix/test_ss_backend_matrix.py::test_workbook_roundtrips_through_backend[formula_named-pgvector] PASSED [ 44%]
tests/unit/UT4.10_SpreadsheetBackendMatrix/test_ss_backend_matrix.py::test_workbook_roundtrips_through_backend[hidden-chroma] PASSED [ 46%]
tests/unit/UT4.10_SpreadsheetBackendMatrix/test_ss_backend_matrix.py::test_workbook_roundtrips_through_backend[hidden-qdrant] PASSED [ 48%]
tests/unit/UT4.10_SpreadsheetBackendMatrix/test_ss_backend_matrix.py::test_workbook_roundtrips_through_backend[hidden-weaviate] PASSED [ 51%]
tests/unit/UT4.10_SpreadsheetBackendMatrix/test_ss_backend_matrix.py::test_workbook_roundtrips_through_backend[hidden-opensearch] PASSED [ 53%]
tests/unit/UT4.10_SpreadsheetBackendMatrix/test_ss_backend_matrix.py::test_workbook_roundtrips_through_backend[hidden-pgvector] PASSED [ 55%]
tests/unit/UT4.10_SpreadsheetBackendMatrix/test_ss_backend_matrix.py::test_workbook_roundtrips_through_backend[multilingual-chroma] PASSED [ 57%]
tests/unit/UT4.10_SpreadsheetBackendMatrix/test_ss_backend_matrix.py::test_workbook_roundtrips_through_backend[multilingual-qdrant] PASSED [ 60%]
tests/unit/UT4.10_SpreadsheetBackendMatrix/test_ss_backend_matrix.py::test_workbook_roundtrips_through_backend[multilingual-weaviate] PASSED [ 62%]
tests/unit/UT4.10_SpreadsheetBackendMatrix/test_ss_backend_matrix.py::test_workbook_roundtrips_through_backend[multilingual-opensearch] PASSED [ 64%]
tests/unit/UT4.10_SpreadsheetBackendMatrix/test_ss_backend_matrix.py::test_workbook_roundtrips_through_backend[multilingual-pgvector] PASSED [ 66%]
tests/unit/UT4.10_SpreadsheetBackendMatrix/test_ss_backend_matrix.py::test_workbook_roundtrips_through_backend[report_grid-chroma] PASSED [ 68%]
tests/unit/UT4.10_SpreadsheetBackendMatrix/test_ss_backend_matrix.py::test_workbook_roundtrips_through_backend[report_grid-qdrant] PASSED [ 71%]
tests/unit/UT4.10_SpreadsheetBackendMatrix/test_ss_backend_matrix.py::test_workbook_roundtrips_through_backend[report_grid-weaviate] PASSED [ 73%]
tests/unit/UT4.10_SpreadsheetBackendMatrix/test_ss_backend_matrix.py::test_workbook_roundtrips_through_backend[report_grid-opensearch] PASSED [ 75%]
tests/unit/UT4.10_SpreadsheetBackendMatrix/test_ss_backend_matrix.py::test_workbook_roundtrips_through_backend[report_grid-pgvector] PASSED [ 77%]
tests/unit/UT4.10_SpreadsheetBackendMatrix/test_ss_backend_matrix.py::test_workbook_roundtrips_through_backend[ods-chroma] PASSED [ 80%]
tests/unit/UT4.10_SpreadsheetBackendMatrix/test_ss_backend_matrix.py::test_workbook_roundtrips_through_backend[ods-qdrant] PASSED [ 82%]
tests/unit/UT4.10_SpreadsheetBackendMatrix/test_ss_backend_matrix.py::test_workbook_roundtrips_through_backend[ods-weaviate] PASSED [ 84%]
tests/unit/UT4.10_SpreadsheetBackendMatrix/test_ss_backend_matrix.py::test_workbook_roundtrips_through_backend[ods-opensearch] PASSED [ 86%]
tests/unit/UT4.10_SpreadsheetBackendMatrix/test_ss_backend_matrix.py::test_workbook_roundtrips_through_backend[ods-pgvector] PASSED [ 88%]
tests/unit/UT4.10_SpreadsheetBackendMatrix/test_ss_backend_matrix.py::test_delete_key_prunes_record_across_backends[chroma] PASSED [ 91%]
tests/unit/UT4.10_SpreadsheetBackendMatrix/test_ss_backend_matrix.py::test_delete_key_prunes_record_across_backends[qdrant] PASSED [ 93%]
tests/unit/UT4.10_SpreadsheetBackendMatrix/test_ss_backend_matrix.py::test_delete_key_prunes_record_across_backends[weaviate] PASSED [ 95%]
tests/unit/UT4.10_SpreadsheetBackendMatrix/test_ss_backend_matrix.py::test_delete_key_prunes_record_across_backends[opensearch] PASSED [ 97%]
tests/unit/UT4.10_SpreadsheetBackendMatrix/test_ss_backend_matrix.py::test_delete_key_prunes_record_across_backends[pgvector] PASSED [100%]

============================== 45 passed in 4.27s ==============================
