=== IDX-SNAG-001: Full admin key management proof ===
Timestamp: 2026-05-20T12:08:24+01:00

--- 1. List existing keys ---
{"ok":true,"data":{"api_keys":[{"key_id":"052cc6426e2f","label":"colin-w28c427","roles":["maintainer","ragflow1-access","tb-access"],"capabilities":[],"user_id":null,"revoked":false},{"key_id":"4f4cd259ecc0","label":"4f4cd259ecc0","roles":["maintainer","ragflow0-access","tb-access"],"capabilities":[],"user_id":null,"revoked":false},{"key_id":"639397337b93","label":"gary-w28c427","roles":["maintainer","ragflow0-access","tb-access"],"capabilities":[],"user_id":null,"revoked":false},{"key_id":"f772581b45f9","label":"f772581b45f9","roles":["maintainer","ragflow1-access","tb-access"],"capabilities":[],"user_id":null,"revoked":false}]},"meta":{"request_id":"7a11d56398334e86acc7872b56b1c586","correlation_id":null,"version":"v1"}}
--- 2. Create gary key with roles ---
{"ok":true,"data":{"api_key":{"key_id":"59ea340b19d9","token":"<REDACTED len=35 sha256_prefix=0cdee59cf574>","label":"gary-snag001-r4","roles":["maintainer","ragflow0-access","tb-access"],"capabilities":[],"user_id":null,"revoked":false},"status":"ok"},"meta":{"request_id":"4e23607f15594aa4a000e6544b7d54f6","correlation_id":null,"version":"v1"}}
gary_key_id=59ea340b19d9 gary_token_len=35

--- 3. Create colin key with roles ---
{"ok":true,"data":{"api_key":{"key_id":"afa860de636d","token":"<REDACTED len=35 sha256_prefix=b2bfba730eb0>","label":"colin-snag001-r4","roles":["maintainer","ragflow1-access","tb-access"],"capabilities":[],"user_id":null,"revoked":false},"status":"ok"},"meta":{"request_id":"4f16eadd9181450ba34045729b5411ea","correlation_id":null,"version":"v1"}}
colin_key_id=afa860de636d colin_token_len=35

--- 4. Gary auth (valid) ---
{"ok":true,"data":{"profiles":["default","multilang"]},"meta":{"request_id":"1f7251a8e46f48929a0ab152874954f8","correlation_id":null,"version":"v1"}}
--- 5. Colin auth (valid) ---
{"ok":true,"data":{"profiles":["default","multilang"]},"meta":{"request_id":"8f155efcd2ea4e7ab4c96337ec797d75","correlation_id":null,"version":"v1"}}
--- 6. Revoke gary key ---
{"ok":true,"data":{"api_key":{"key_id":"59ea340b19d9","label":"gary-snag001-r4","revoked":true},"status":"ok"},"meta":{"request_id":"4685fef2653347aba52facc544f5b338","correlation_id":null,"version":"v1"}}
--- 7. Revoked gary key denied ---
{"ok":false,"error":{"code":"UNAUTHENTICATED","message":"Authentication failed","details":null,"retryable":false},"meta":{"request_id":"daec104bee01422cbffe36efe5896d1e","correlation_id":null},"detail":"Authentication failed"}
--- 8. Unknown key denied ---
{"ok":false,"error":{"code":"UNAUTHENTICATED","message":"Authentication failed","details":null,"retryable":false},"meta":{"request_id":"1d6e1ea5610e444f8352cafe0651bf3f","correlation_id":null},"detail":"Authentication failed"}
--- 9. No key denied ---
{"ok":false,"error":{"code":"UNAUTHENTICATED","message":"Authentication failed","details":null,"retryable":false},"meta":{"request_id":"fc9d8438395944db8e159e75339a628b","correlation_id":null},"detail":"Authentication failed"}
--- 10. Final key list ---
{"ok":true,"data":{"api_keys":[{"key_id":"052cc6426e2f","label":"colin-w28c427","roles":["maintainer","ragflow1-access","tb-access"],"capabilities":[],"user_id":null,"revoked":false},{"key_id":"4f4cd259ecc0","label":"4f4cd259ecc0","roles":["maintainer","ragflow0-access","tb-access"],"capabilities":[],"user_id":null,"revoked":false},{"key_id":"59ea340b19d9","label":"gary-snag001-r4","roles":["maintainer","ragflow0-access","tb-access"],"capabilities":[],"user_id":null,"revoked":true},{"key_id":"639397337b93","label":"gary-w28c427","roles":["maintainer","ragflow0-access","tb-access"],"capabilities":[],"user_id":null,"revoked":false},{"key_id":"afa860de636d","label":"colin-snag001-r4","roles":["maintainer","ragflow1-access","tb-access"],"capabilities":[],"user_id":null,"revoked":false},{"key_id":"f772581b45f9","label":"f772581b45f9","roles":["maintainer","ragflow1-access","tb-access"],"capabilities":[],"user_id":null,"revoked":false}]},"meta":{"request_id":"2547c8568a064c9196dd957ee76b5178","correlation_id":null,"version":"v1"}}=== SUMMARY ===
gary: key_id=59ea340b19d9 len=35 sha=0cdee59cf574
colin: key_id=afa860de636d len=35 sha=b2bfba730eb0
gary_revoked=59ea340b19d9
