{
  "entries": [
    {
      "action": "authenticate",
      "actor_id": "api-key:4c806362b613",
      "details": {
        "auth_mechanism": "redacted",
        "method": "GET",
        "reason": "",
        "required_roles": ""
      },
      "event_type": "security.authenticate",
      "outcome": "success",
      "target_id": "/admin/api-keys",
      "target_type": "endpoint",
      "timestamp": "2026-05-20T14:26:07.610Z"
    },
    {
      "action": "authenticate",
      "actor_id": "api-key:4c806362b613",
      "details": {
        "auth_mechanism": "redacted",
        "method": "POST",
        "reason": "",
        "required_roles": ""
      },
      "event_type": "security.authenticate",
      "outcome": "success",
      "target_id": "/admin/api-keys",
      "target_type": "endpoint",
      "timestamp": "2026-05-20T14:26:07.639Z"
    },
    {
      "action": "create",
      "actor_id": "api-key:4c806362b613",
      "details": {
        "new_value": {
          "capabilities": [],
          "key_id": "***REDACTED***",
          "label": "W28C-427R5 gary rotation proof",
          "revoked": false,
          "roles": [
            "admin",
            "reader",
            "writer"
          ],
          "user_id": "gary"
        }
      },
      "event_type": "admin.create",
      "outcome": "success",
      "target_id": "w28c427r5-gary-d136c098",
      "target_type": "api_key",
      "timestamp": "2026-05-20T14:26:07.640Z"
    },
    {
      "action": "authenticate",
      "actor_id": "api-key:08b7efd01cda",
      "details": {
        "auth_mechanism": "redacted",
        "method": "GET",
        "reason": "",
        "required_roles": ""
      },
      "event_type": "security.authenticate",
      "outcome": "success",
      "target_id": "/api/v1/tools",
      "target_type": "endpoint",
      "timestamp": "2026-05-20T14:26:07.671Z"
    },
    {
      "action": "authenticate",
      "actor_id": "api-key:08b7efd01cda",
      "details": {
        "auth_mechanism": "redacted",
        "method": "GET",
        "reason": "",
        "required_roles": ""
      },
      "event_type": "security.authenticate",
      "outcome": "success",
      "target_id": "/admin/api-keys",
      "target_type": "endpoint",
      "timestamp": "2026-05-20T14:26:07.834Z"
    },
    {
      "action": "authenticate",
      "actor_id": "api-key:4c806362b613",
      "details": {
        "auth_mechanism": "redacted",
        "method": "POST",
        "reason": "",
        "required_roles": ""
      },
      "event_type": "security.authenticate",
      "outcome": "success",
      "target_id": "/admin/api-keys",
      "target_type": "endpoint",
      "timestamp": "2026-05-20T14:26:07.864Z"
    },
    {
      "action": "create",
      "actor_id": "api-key:4c806362b613",
      "details": {
        "new_value": {
          "capabilities": [],
          "key_id": "***REDACTED***",
          "label": "W28C-427R5 colin rotation proof",
          "revoked": false,
          "roles": [
            "admin",
            "reader",
            "writer"
          ],
          "user_id": "colin"
        }
      },
      "event_type": "admin.create",
      "outcome": "success",
      "target_id": "w28c427r5-colin-9c66bfc7",
      "target_type": "api_key",
      "timestamp": "2026-05-20T14:26:07.865Z"
    },
    {
      "action": "authenticate",
      "actor_id": "api-key:ce3058f577cb",
      "details": {
        "auth_mechanism": "redacted",
        "method": "GET",
        "reason": "",
        "required_roles": ""
      },
      "event_type": "security.authenticate",
      "outcome": "success",
      "target_id": "/api/v1/tools",
      "target_type": "endpoint",
      "timestamp": "2026-05-20T14:26:07.892Z"
    },
    {
      "action": "authenticate",
      "actor_id": "api-key:ce3058f577cb",
      "details": {
        "auth_mechanism": "redacted",
        "method": "GET",
        "reason": "",
        "required_roles": ""
      },
      "event_type": "security.authenticate",
      "outcome": "success",
      "target_id": "/admin/api-keys",
      "target_type": "endpoint",
      "timestamp": "2026-05-20T14:26:07.994Z"
    },
    {
      "action": "authenticate",
      "actor_id": "api-key:4c806362b613",
      "details": {
        "auth_mechanism": "redacted",
        "method": "GET",
        "reason": "",
        "required_roles": ""
      },
      "event_type": "security.authenticate",
      "outcome": "success",
      "target_id": "/admin/api-keys",
      "target_type": "endpoint",
      "timestamp": "2026-05-20T14:26:08.026Z"
    },
    {
      "action": "authenticate",
      "actor_id": "api-key:4c806362b613",
      "details": {
        "auth_mechanism": "redacted",
        "method": "DELETE",
        "reason": "",
        "required_roles": ""
      },
      "event_type": "security.authenticate",
      "outcome": "success",
      "target_id": "/admin/api-keys/w28c427r5-gary-d136c098",
      "target_type": "endpoint",
      "timestamp": "2026-05-20T14:26:08.054Z"
    },
    {
      "action": "revoke",
      "actor_id": "api-key:4c806362b613",
      "details": {
        "new_value": {
          "key_id": "***REDACTED***",
          "label": "W28C-427R5 gary rotation proof",
          "revoked": true
        },
        "prior_value": {
          "capabilities": [],
          "key_id": "***REDACTED***",
          "label": "W28C-427R5 gary rotation proof",
          "revoked": false,
          "roles": [
            "admin",
            "reader",
            "writer"
          ],
          "user_id": "gary"
        }
      },
      "event_type": "admin.revoke",
      "outcome": "success",
      "target_id": "w28c427r5-gary-d136c098",
      "target_type": "api_key",
      "timestamp": "2026-05-20T14:26:08.055Z"
    },
    {
      "action": "authenticate",
      "actor_id": "anonymous",
      "details": {
        "auth_mechanism": "redacted",
        "method": "GET",
        "reason": "Authentication failed",
        "required_roles": ""
      },
      "event_type": "security.authenticate",
      "outcome": "failure",
      "target_id": "/api/v1/tools",
      "target_type": "endpoint",
      "timestamp": "2026-05-20T14:26:08.083Z"
    },
    {
      "action": "authenticate",
      "actor_id": "anonymous",
      "details": {
        "auth_mechanism": "redacted",
        "method": "GET",
        "reason": "Authentication failed",
        "required_roles": ""
      },
      "event_type": "security.authenticate",
      "outcome": "failure",
      "target_id": "/admin/api-keys",
      "target_type": "endpoint",
      "timestamp": "2026-05-20T14:26:08.113Z"
    },
    {
      "action": "authenticate",
      "actor_id": "api-key:4c806362b613",
      "details": {
        "auth_mechanism": "redacted",
        "method": "DELETE",
        "reason": "",
        "required_roles": ""
      },
      "event_type": "security.authenticate",
      "outcome": "success",
      "target_id": "/admin/api-keys/w28c427r5-colin-9c66bfc7",
      "target_type": "endpoint",
      "timestamp": "2026-05-20T14:26:08.142Z"
    },
    {
      "action": "revoke",
      "actor_id": "api-key:4c806362b613",
      "details": {
        "new_value": {
          "key_id": "***REDACTED***",
          "label": "W28C-427R5 colin rotation proof",
          "revoked": true
        },
        "prior_value": {
          "capabilities": [],
          "key_id": "***REDACTED***",
          "label": "W28C-427R5 colin rotation proof",
          "revoked": false,
          "roles": [
            "admin",
            "reader",
            "writer"
          ],
          "user_id": "colin"
        }
      },
      "event_type": "admin.revoke",
      "outcome": "success",
      "target_id": "w28c427r5-colin-9c66bfc7",
      "target_type": "api_key",
      "timestamp": "2026-05-20T14:26:08.143Z"
    },
    {
      "action": "authenticate",
      "actor_id": "anonymous",
      "details": {
        "auth_mechanism": "redacted",
        "method": "GET",
        "reason": "Authentication failed",
        "required_roles": ""
      },
      "event_type": "security.authenticate",
      "outcome": "failure",
      "target_id": "/api/v1/tools",
      "target_type": "endpoint",
      "timestamp": "2026-05-20T14:26:08.167Z"
    },
    {
      "action": "authenticate",
      "actor_id": "anonymous",
      "details": {
        "auth_mechanism": "redacted",
        "method": "GET",
        "reason": "Authentication failed",
        "required_roles": ""
      },
      "event_type": "security.authenticate",
      "outcome": "failure",
      "target_id": "/admin/api-keys",
      "target_type": "endpoint",
      "timestamp": "2026-05-20T14:26:08.196Z"
    },
    {
      "action": "authenticate",
      "actor_id": "api-key:4c806362b613",
      "details": {
        "auth_mechanism": "redacted",
        "method": "GET",
        "reason": "",
        "required_roles": ""
      },
      "event_type": "security.authenticate",
      "outcome": "success",
      "target_id": "/admin/api-keys",
      "target_type": "endpoint",
      "timestamp": "2026-05-20T14:26:08.221Z"
    }
  ],
  "has_admin_key_create": true,
  "has_admin_key_revoke": true,
  "has_admin_list_auth_success": true,
  "has_auth_denied": true,
  "matched_entry_count": 19,
  "phase": "audit_proof_redacted",
  "raw_token_logged": false,
  "source": "container:/app/logs/index-retriever-audit-api.jsonl"
}
